Name: 安徽卫视, URL: http://t.061899.xyz/tl/tl.php?id=ahws, From: subscribe, IPv_Type: ipv4, Location: 美国, ISP: CloudFlare节点, Date: None, Delay: -1 ms, Speed: 0.00 M/s, Resolution: None
Name: 安徽卫视, URL: https://zby.130519.xyz/PLTV/11/224/3221225739/index.m3u8, From: subscribe, IPv_Type: ipv4, Location: None, ISP: None, Date: None, Delay: -1 ms, Speed: 0.00 M/s, Resolution: None
Name: 北京卫视, URL: http://gslbmgsplive.miguvideo.com/migu/kailu/bjws/50/20251127/index.m3u8?msisdn=20260211200018ececf456843842ac904b8e22ae7d53c8&mdspid=&spid=600697&netType=0&sid=5910022306&pid=2028597139&timestamp=20260211200018&Channel_ID=0116_2600000900-99000-201600010010027&ProgramID=630287636&ParentNodeID=-99&assertID=5910022306&client_ip=43.139.160.244&SecurityKey=20260211200018&promotionId=&mvid=5101042960&mcid=500020&playurlVersion=ZQ-A1-9.2.1-RELEASE&userid=&jmhm=&videocodec=h264&appCode=miguvideo_android&bean=mgspad&tid=android&conFee=0&puData=f625329233198570652046f9f003e95d&ddCalcu=df56e921e503300209f293f3614908255760, From: subscribe, IPv_Type: ipv6, Location: 中国, ISP: 中国移动, Date: None, Delay: 0.1 ms, Speed: inf M/s, Resolution: 1920x1080
Name: 北京卫视, URL: http://go.bkpcp.top/mg/bjws, From: subscribe, IPv_Type: ipv4, Location: 美国, ISP: CloudFlare节点, Date: None, Delay: -1 ms, Speed: 0.00 M/s, Resolution: None
Name: 北京卫视, URL: http://j.s.bkpcp.top/jj/bjws, From: subscribe, IPv_Type: ipv4, Location: 美国, ISP: CloudFlare节点, Date: None, Delay: -1 ms, Speed: 0.00 M/s, Resolution: None
Name: 北京卫视, URL: http://t.061899.xyz/tl/tl.php?id=bjws, From: subscribe, IPv_Type: ipv4, Location: 美国, ISP: CloudFlare节点, Date: None, Delay: -1 ms, Speed: 0.00 M/s, Resolution: None
Name: 北京卫视, URL: https://zby.130519.xyz/PLTV/11/224/3221225724/index.m3u8, From: subscribe, IPv_Type: ipv4, Location: None, ISP: None, Date: None, Delay: -1 ms, Speed: 0.00 M/s, Resolution: None
Name: 兵团卫视, URL: http://gslbmgsplive.miguvideo.com/migu/kailu/btws/50/20250804/index.m3u8?msisdn=202602112000194e7b1d1e9ebd4a04a58b0f690c261aee&mdspid=&spid=600697&netType=0&sid=5910022192&pid=2028597139&timestamp=20260211200019&Channel_ID=0116_2600000900-99000-201600010010027&ProgramID=956923145&ParentNodeID=-99&assertID=5910022192&client_ip=43.139.160.244&SecurityKey=20260211200019&promotionId=&mvid=5900006716&mcid=500020&playurlVersion=ZQ-A1-9.2.1-RELEASE&userid=&jmhm=&videocodec=h264&appCode=miguvideo_android&bean=mgspad&tid=android&conFee=0&puData=2f9a2717e98ba6ba12aa1b4390f0c712&ddCalcu=221fe791ca6020f701973e49b81baaa62b1a, From: subscribe, IPv_Type: ipv6, Location: 中国, ISP: 中国移动, Date: None, Delay: 0.1 ms, Speed: inf M/s, Resolution: 1920x1080
Name: 兵团卫视, URL: http://go.bkpcp.top/mg/btws, From: subscribe, IPv_Type: ipv4, Location: 美国, ISP: CloudFlare节点, Date: None, Delay: -1 ms, Speed: 0.00 M/s, Resolution: None
Name: 兵团卫视, URL: http://j.s.bkpcp.top/jj/btws, From: subscribe, IPv_Type: ipv4, Location: 美国, ISP: CloudFlare节点, Date: None, Delay: -1 ms, Speed: 0.00 M/s, Resolution: None
Name: 兵团卫视, URL: https://zby.130519.xyz/PLTV/11/224/3221226111/index.m3u8, From: subscribe, IPv_Type: ipv4, Location: None, ISP: None, Date: None, Delay: -1 ms, Speed: 0.00 M/s, Resolution: None
Name: 重庆卫视, URL: http://gslbmgsplive.miguvideo.com/envivo_x/2018/SD/chongqing/1000/index.m3u8?msisdn=20260211200020df2685ce5e69429e8f6585c958d45401&mdspid=&spid=600697&netType=0&sid=5910022305&pid=2028597139&timestamp=20260211200020&Channel_ID=0116_2600000900-99000-201600010010027&ProgramID=738910914&ParentNodeID=-99&assertID=5910022305&client_ip=43.139.160.244&SecurityKey=20260211200020&promotionId=&mvid=5900004329&mcid=500020&playurlVersion=ZQ-A1-9.2.1-RELEASE&userid=&jmhm=&videocodec=h264&appCode=miguvideo_android&bean=mgspad&tid=android&conFee=0&puData=3c8761a7a19f8459b735b16a4841b749&ddCalcu=934ce781b78160418a47aa6119bf583475b9, From: subscribe, IPv_Type: ipv6, Location: 中国, ISP: 中国移动, Date: None, Delay: 0.1 ms, Speed: inf M/s, Resolution: 1920x1080
Name: 重庆卫视, URL: http://t.061899.xyz/tl/tl.php?id=cqws, From: subscribe, IPv_Type: ipv4, Location: 美国, ISP: CloudFlare节点, Date: None, Delay: -1 ms, Speed: 0.00 M/s, Resolution: None
Name: 重庆卫视, URL: https://zby.130519.xyz/PLTV/11/224/3221226171/index.m3u8, From: subscribe, IPv_Type: ipv4, Location: None, ISP: None, Date: None, Delay: -1 ms, Speed: 0.00 M/s, Resolution: None
Name: 大湾区卫视, URL: http://gslbmgsplive.miguvideo.com/wd_r3/2018/nfmedia/nfws/1000/index.m3u8?msisdn=20260211200019d9a3af9eaf6d4fdfb872ccceadde0efc&mdspid=&spid=699054&netType=0&sid=2200322852&pid=2028597139&timestamp=20260211200019&Channel_ID=0116_2600000900-99000-201600010010027&ProgramID=608917627&ParentNodeID=-99&assertID=2200322852&client_ip=43.139.160.244&SecurityKey=20260211200019&promotionId=&mvid=2200322852&mcid=500020&playurlVersion=ZQ-A1-9.2.1-RELEASE&userid=&jmhm=&videocodec=h264&appCode=miguvideo_android&bean=mgspad&tid=android&conFee=0&puData=3bb5f551d0571b209e3d2c0c5658d437&ddCalcu=733be4b1d588f0556551cd00c527d13be290, From: subscribe, IPv_Type: ipv6, Location: 中国, ISP: 中国移动, Date: None, Delay: 0.1 ms, Speed: inf M/s, Resolution: 1920x1080
Name: 东方卫视, URL: http://go.bkpcp.top/mg/dfws, From: subscribe, IPv_Type: ipv4, Location: 美国, ISP: CloudFlare节点, Date: None, Delay: -1 ms, Speed: 0.00 M/s, Resolution: None
Name: 东方卫视, URL: http://j.s.bkpcp.top/jj/dfws, From: subscribe, IPv_Type: ipv4, Location: 美国, ISP: CloudFlare节点, Date: None, Delay: -1 ms, Speed: 0.00 M/s, Resolution: None
Name: 东方卫视, URL: http://t.061899.xyz/tl/tl.php?id=dfws, From: subscribe, IPv_Type: ipv4, Location: 美国, ISP: CloudFlare节点, Date: None, Delay: -1 ms, Speed: 0.00 M/s, Resolution: None
Name: 东方卫视, URL: https://zby.130519.xyz/PLTV/11/224/3221225725/index.m3u8, From: subscribe, IPv_Type: ipv4, Location: None, ISP: None, Date: None, Delay: -1 ms, Speed: 0.00 M/s, Resolution: None
Name: 东方卫视, URL: https://zby.130519.xyz/PLTV/11/224/3221226106/index.m3u8, From: subscribe, IPv_Type: ipv4, Location: None, ISP: None, Date: None, Delay: -1 ms, Speed: 0.00 M/s, Resolution: None
Name: 东方卫视, URL: https://zby.130519.xyz/PLTV/11/224/3221226050/index.m3u8, From: subscribe, IPv_Type: ipv4, Location: None, ISP: None, Date: None, Delay: -1 ms, Speed: 0.00 M/s, Resolution: None
Name: 东南卫视, URL: http://t.061899.xyz/tl/tl.php?id=dnws, From: subscribe, IPv_Type: ipv4, Location: 美国, ISP: CloudFlare节点, Date: None, Delay: -1 ms, Speed: 0.00 M/s, Resolution: None
Name: 东南卫视, URL: https://zby.130519.xyz/PLTV/11/224/3221225745/index.m3u8, From: subscribe, IPv_Type: ipv4, Location: None, ISP: None, Date: None, Delay: -1 ms, Speed: 0.00 M/s, Resolution: None
Name: 甘肃卫视, URL: http://t.061899.xyz/tl/tl.php?id=gsws, From: subscribe, IPv_Type: ipv4, Location: 美国, ISP: CloudFlare节点, Date: None, Delay: -1 ms, Speed: 0.00 M/s, Resolution: None
Name: 甘肃卫视, URL: https://zby.130519.xyz/PLTV/11/224/3221226090/index.m3u8, From: subscribe, IPv_Type: ipv4, Location: None, ISP: None, Date: None, Delay: -1 ms, Speed: 0.00 M/s, Resolution: None
Name: 广东卫视, URL: http://go.bkpcp.top/mg/gdws, From: subscribe, IPv_Type: ipv4, Location: 美国, ISP: CloudFlare节点, Date: None, Delay: -1 ms, Speed: 0.00 M/s, Resolution: None
Name: 广东卫视, URL: http://j.s.bkpcp.top/jj/gdws, From: subscribe, IPv_Type: ipv4, Location: 美国, ISP: CloudFlare节点, Date: None, Delay: -1 ms, Speed: 0.00 M/s, Resolution: None
Name: 广东卫视, URL: http://t.061899.xyz/tl/tl.php?id=gdws, From: subscribe, IPv_Type: ipv4, Location: 美国, ISP: CloudFlare节点, Date: None, Delay: -1 ms, Speed: 0.00 M/s, Resolution: None
Name: 广东卫视, URL: https://zby.130519.xyz/PLTV/11/224/3221225731/index.m3u8, From: subscribe, IPv_Type: ipv4, Location: None, ISP: None, Date: None, Delay: -1 ms, Speed: 0.00 M/s, Resolution: None
Name: 广西卫视, URL: https://hlscdn.liangtv.cn/live/0c4ef3a44b934cacb8b47121dfada66c/d7e04258157b480dae53883cc6f8123b.m3u8, From: subscribe, IPv_Type: ipv6, Location: 加拿大, ISP: , Date: None, Delay: 0.1 ms, Speed: inf M/s, Resolution: 1920x1080
Name: 广西卫视, URL: http://t.061899.xyz/tl/tl.php?id=gxws, From: subscribe, IPv_Type: ipv4, Location: 美国, ISP: CloudFlare节点, Date: None, Delay: -1 ms, Speed: 0.00 M/s, Resolution: None
Name: 广西卫视, URL: https://zby.130519.xyz/PLTV/11/224/3221226084/index.m3u8, From: subscribe, IPv_Type: ipv4, Location: None, ISP: None, Date: None, Delay: -1 ms, Speed: 0.00 M/s, Resolution: None
Name: 广西卫视, URL: https://zby.130519.xyz/PLTV/11/224/3221226130/index.m3u8, From: subscribe, IPv_Type: ipv4, Location: None, ISP: None, Date: None, Delay: -1 ms, Speed: 0.00 M/s, Resolution: None
Name: 贵州卫视, URL: https://9bwaz8y2.gzstv.com/live/CH01_lo.m3u8?txSecret=8468192eaf490c1fe94327ac3e1aa18c&txTime=698C71A7, From: subscribe, IPv_Type: ipv4, Location: 中国-江苏-扬州, ISP: 电信, Date: None, Delay: -1 ms, Speed: 0.00 M/s, Resolution: None
Name: 贵州卫视, URL: http://t.061899.xyz/tl/tl.php?id=gzws, From: subscribe, IPv_Type: ipv4, Location: 美国, ISP: CloudFlare节点, Date: None, Delay: -1 ms, Speed: 0.00 M/s, Resolution: None
Name: 贵州卫视, URL: https://zby.130519.xyz/PLTV/11/224/3221226173/index.m3u8, From: subscribe, IPv_Type: ipv4, Location: None, ISP: None, Date: None, Delay: -1 ms, Speed: 0.00 M/s, Resolution: None
Name: 海南卫视, URL: http://gslbmgsplive.miguvideo.com/envivo_x/SD/lvyou/711/index.m3u8?msisdn=202602112000196fbdd6f44bff404a9eaa0d56c9bb000e&mdspid=&spid=600633&netType=0&sid=5910022165&pid=2028597139&timestamp=20260211200019&Channel_ID=0116_2600000900-99000-201600010010027&ProgramID=947472502&ParentNodeID=-99&assertID=5910022165&client_ip=43.139.160.244&SecurityKey=20260211200019&promotionId=&mvid=5900004359&mcid=500020&playurlVersion=ZQ-A1-9.2.1-RELEASE&userid=&jmhm=&videocodec=h264&appCode=miguvideo_android&bean=mgspad&tid=android&conFee=0&puData=fbc319dd5d68a0ec85ec924a708912bd&ddCalcu=dfbbe2c1137910890d7da54d2698cae05e8c, From: subscribe, IPv_Type: ipv6, Location: 中国, ISP: 中国移动, Date: None, Delay: 0.1 ms, Speed: inf M/s, Resolution: 1920x1080
Name: 海南卫视, URL: https://livelyws1.chinamcache.com/lyws/newlive_zb03.m3u8?auth_key=1767148001-0-0-0650c6542c331540df214a79a09a2356, From: subscribe, IPv_Type: ipv4, Location: 中国-上海-上海, ISP: 电信, Date: None, Delay: -1 ms, Speed: 0.00 M/s, Resolution: None
Name: 海南卫视, URL: http://go.bkpcp.top/mg/hinws, From: subscribe, IPv_Type: ipv4, Location: 美国, ISP: CloudFlare节点, Date: None, Delay: -1 ms, Speed: 0.00 M/s, Resolution: None
Name: 海南卫视, URL: http://j.s.bkpcp.top/jj/hinws, From: subscribe, IPv_Type: ipv4, Location: 美国, ISP: CloudFlare节点, Date: None, Delay: -1 ms, Speed: 0.00 M/s, Resolution: None
Name: 海南卫视, URL: http://t.061899.xyz/tl/tl.php?id=hinws, From: subscribe, IPv_Type: ipv4, Location: 美国, ISP: CloudFlare节点, Date: None, Delay: -1 ms, Speed: 0.00 M/s, Resolution: None
Name: 海南卫视, URL: https://zby.130519.xyz/PLTV/11/224/3221226154/index.m3u8, From: subscribe, IPv_Type: ipv4, Location: None, ISP: None, Date: None, Delay: -1 ms, Speed: 0.00 M/s, Resolution: None
Name: 河北卫视, URL: https://tv.pull.hebtv.com/jishi/weishipindao.m3u8?t=1770820220&k=2fa5448e8d0201bbdee79e83ee60574f, From: subscribe, IPv_Type: ipv6, Location: 中国, ISP: 中国电信, Date: None, Delay: 0.1 ms, Speed: inf M/s, Resolution: 1920x1080
Name: 河北卫视, URL: http://t.061899.xyz/tl/tl.php?id=hbws, From: subscribe, IPv_Type: ipv4, Location: 美国, ISP: CloudFlare节点, Date: None, Delay: -1 ms, Speed: 0.00 M/s, Resolution: None
Name: 河北卫视, URL: https://zby.130519.xyz/PLTV/11/224/3221226107/index.m3u8, From: subscribe, IPv_Type: ipv4, Location: None, ISP: None, Date: None, Delay: -1 ms, Speed: 0.00 M/s, Resolution: None
Name: 河南卫视, URL: http://tvcdn.stream3.hndt.com/tv/65c4a6d5017e1000b2b6ea2500000000_transios/playlist.m3u8?wsSecret=accba49c9573df2c8a136b579afdd897&wsTime=1770827409&wsSession=0dce53ed67d52aa166a738fc-177081300962005&wsIPSercert=965199407363e75c3ccb566d6f002965&wsiphost=local&wsBindIP=1, From: subscribe, IPv_Type: ipv6, Location: 加拿大, ISP: , Date: None, Delay: 0.1 ms, Speed: inf M/s, Resolution: 1920x1080
Name: 河南卫视, URL: http://gslbmgsplive.miguvideo.com/wd-henanwssd-600/index.m3u8?msisdn=202602112000187facf6b3b3bd485fbdad88af2dc1b7f6&mdspid=&spid=600633&netType=0&sid=5910021585&pid=2028597139&timestamp=20260211200018&Channel_ID=0116_2600000900-99000-201600010010027&ProgramID=790187291&ParentNodeID=-99&assertID=5910021585&client_ip=43.139.160.244&SecurityKey=20260211200018&promotionId=&mvid=5900005706&mcid=500020&playurlVersion=ZQ-A1-9.2.1-RELEASE&userid=&jmhm=&videocodec=h264&appCode=miguvideo_android&bean=mgspad&tid=android&conFee=0&puData=e3786a2bd7a607915f36abd42311945a&ddCalcu=ae53e4719801601a322b4dd7baa66037f951, From: subscribe, IPv_Type: ipv6, Location: 中国, ISP: 中国移动, Date: None, Delay: 0.1 ms, Speed: inf M/s, Resolution: 1920x1080
Name: 河南卫视, URL: http://go.bkpcp.top/mg/hnws, From: subscribe, IPv_Type: ipv4, Location: 美国, ISP: CloudFlare节点, Date: None, Delay: -1 ms, Speed: 0.00 M/s, Resolution: None
Name: 河南卫视, URL: http://j.s.bkpcp.top/jj/hnws, From: subscribe, IPv_Type: ipv4, Location: 美国, ISP: CloudFlare节点, Date: None, Delay: -1 ms, Speed: 0.00 M/s, Resolution: None
Name: 河南卫视, URL: http://t.061899.xyz/tl/tl.php?id=hnws, From: subscribe, IPv_Type: ipv4, Location: 美国, ISP: CloudFlare节点, Date: None, Delay: -1 ms, Speed: 0.00 M/s, Resolution: None
Name: 河南卫视, URL: https://zby.130519.xyz/PLTV/11/224/3221226132/index.m3u8, From: subscribe, IPv_Type: ipv4, Location: None, ISP: None, Date: None, Delay: -1 ms, Speed: 0.00 M/s, Resolution: None
Name: 黑龙江卫视, URL: https://zby.130519.xyz/PLTV/11/224/3221225722/index.m3u8, From: subscribe, IPv_Type: ipv4, Location: None, ISP: None, Date: None, Delay: -1 ms, Speed: 0.00 M/s, Resolution: None
Name: 湖北卫视, URL: http://gslbmgsplive.miguvideo.com/wd_r2/2018/ocn/hubeiwshd/1000/index.m3u8?msisdn=202602112000194b37811dcc224668ad8f4a34ab1baf49&mdspid=&spid=600633&netType=0&sid=5910022163&pid=2028597139&timestamp=20260211200019&Channel_ID=0116_2600000900-99000-201600010010027&ProgramID=947472496&ParentNodeID=-99&assertID=5910022163&client_ip=43.139.160.244&SecurityKey=20260211200019&promotionId=&mvid=5900004355&mcid=500020&playurlVersion=ZQ-A1-9.2.1-RELEASE&userid=&jmhm=&videocodec=h264&appCode=miguvideo_android&bean=mgspad&tid=android&conFee=0&puData=647b47f14d02834100c6eb1a493b5d1a&ddCalcu=a614ed715b7b40379f41a41db0e268c30401, From: subscribe, IPv_Type: ipv6, Location: 中国, ISP: 中国移动, Date: None, Delay: 0.1 ms, Speed: inf M/s, Resolution: 1920x1080
Name: 湖北卫视, URL: http://go.bkpcp.top/mg/hubws, From: subscribe, IPv_Type: ipv4, Location: 美国, ISP: CloudFlare节点, Date: None, Delay: -1 ms, Speed: 0.00 M/s, Resolution: None
Name: 湖北卫视, URL: http://j.s.bkpcp.top/jj/hubws, From: subscribe, IPv_Type: ipv4, Location: 美国, ISP: CloudFlare节点, Date: None, Delay: -1 ms, Speed: 0.00 M/s, Resolution: None
Name: 湖北卫视, URL: http://t.061899.xyz/tl/tl.php?id=hubws, From: subscribe, IPv_Type: ipv4, Location: 美国, ISP: CloudFlare节点, Date: None, Delay: -1 ms, Speed: 0.00 M/s, Resolution: None
Name: 湖北卫视, URL: https://zby.130519.xyz/PLTV/11/224/3221225729/index.m3u8, From: subscribe, IPv_Type: ipv4, Location: None, ISP: None, Date: None, Delay: -1 ms, Speed: 0.00 M/s, Resolution: None
Name: 湖南卫视, URL: http://go.bkpcp.top/mg/hunws, From: subscribe, IPv_Type: ipv4, Location: 美国, ISP: CloudFlare节点, Date: None, Delay: -1 ms, Speed: 0.00 M/s, Resolution: None
Name: 湖南卫视, URL: http://j.s.bkpcp.top/jj/hunws, From: subscribe, IPv_Type: ipv4, Location: 美国, ISP: CloudFlare节点, Date: None, Delay: -1 ms, Speed: 0.00 M/s, Resolution: None
Name: 湖南卫视, URL: http://t.061899.xyz/tl/tl.php?id=hunws, From: subscribe, IPv_Type: ipv4, Location: 美国, ISP: CloudFlare节点, Date: None, Delay: -1 ms, Speed: 0.00 M/s, Resolution: None
Name: 湖南卫视, URL: https://zby.130519.xyz/PLTV/11/224/3221225726/index.m3u8, From: subscribe, IPv_Type: ipv4, Location: None, ISP: None, Date: None, Delay: -1 ms, Speed: 0.00 M/s, Resolution: None
Name: 吉林卫视, URL: http://gslbmgsplive.miguvideo.com/envivo_v/2018/SD/jilin/1000/index.m3u8?msisdn=20260211200019953a0ae842f344f585d149ac458cec28&mdspid=&spid=600633&netType=0&sid=5910022164&pid=2028597139&timestamp=20260211200019&Channel_ID=0116_2600000900-99000-201600010010027&ProgramID=947472500&ParentNodeID=-99&assertID=5910022164&client_ip=43.139.160.244&SecurityKey=20260211200019&promotionId=&mvid=5900004357&mcid=500020&playurlVersion=ZQ-A1-9.2.1-RELEASE&userid=&jmhm=&videocodec=h264&appCode=miguvideo_android&bean=mgspad&tid=android&conFee=0&puData=f1b3bacb8d30d20b46ff6e335f9cfbed&ddCalcu=dfe1ebb1f37cb09afc5b383de360fdf2604b, From: subscribe, IPv_Type: ipv6, Location: 中国, ISP: 中国移动, Date: None, Delay: 0.1 ms, Speed: inf M/s, Resolution: 1920x1080
Name: 吉林卫视, URL: https://hls.avap.jilintv.cn/zqvk7vpj/channel/0533b55e42354f4f802bdec78e26b571/index.m3u8?txSecret=4683af7fa40c13cbc9bc89b1bfa870e8&txTime=698CAF21, From: subscribe, IPv_Type: ipv4, Location: 中国-江苏-扬州, ISP: 电信, Date: None, Delay: -1 ms, Speed: 0.00 M/s, Resolution: None
Name: 吉林卫视, URL: https://zby.130519.xyz/PLTV/11/224/3221226082/index.m3u8, From: subscribe, IPv_Type: ipv4, Location: None, ISP: None, Date: None, Delay: -1 ms, Speed: 0.00 M/s, Resolution: None
Name: 吉林卫视, URL: https://zby.130519.xyz/PLTV/11/224/3221226149/index.m3u8, From: subscribe, IPv_Type: ipv4, Location: None, ISP: None, Date: None, Delay: -1 ms, Speed: 0.00 M/s, Resolution: None
Name: 江苏卫视, URL: http://gslbmgsplive.miguvideo.com/wd_r2/cctv/jiangsuhd/600/index.m3u8?msisdn=20260211200018ca5bfb197def4bedb7035973ce244e25&mdspid=&spid=699067&netType=0&sid=5500199408&pid=2028597139&timestamp=20260211200018&Channel_ID=0116_2600000900-99000-201600010010027&ProgramID=623899368&ParentNodeID=-99&assertID=5500199408&client_ip=43.139.160.244&SecurityKey=20260211200018&promotionId=&mvid=5100156802&mcid=500020&playurlVersion=ZQ-A1-9.2.1-RELEASE&userid=&jmhm=&videocodec=h264&appCode=miguvideo_android&bean=mgspad&tid=android&conFee=0&puData=a02872856ebfdc81d2013f5069ab8b0d&ddCalcu=da00eb21883b70a29865065efb3f1d0c28d1, From: subscribe, IPv_Type: ipv6, Location: 中国, ISP: 中国移动, Date: None, Delay: 0.1 ms, Speed: inf M/s, Resolution: 1920x1080
Name: 江苏卫视, URL: http://go.bkpcp.top/mg/jsws, From: subscribe, IPv_Type: ipv4, Location: 美国, ISP: CloudFlare节点, Date: None, Delay: -1 ms, Speed: 0.00 M/s, Resolution: None
Name: 江苏卫视, URL: http://j.s.bkpcp.top/jj/jsws, From: subscribe, IPv_Type: ipv4, Location: 美国, ISP: CloudFlare节点, Date: None, Delay: -1 ms, Speed: 0.00 M/s, Resolution: None
Name: 江苏卫视, URL: http://t.061899.xyz/tl/tl.php?id=jsws, From: subscribe, IPv_Type: ipv4, Location: 美国, ISP: CloudFlare节点, Date: None, Delay: -1 ms, Speed: 0.00 M/s, Resolution: None
Name: 江苏卫视, URL: https://zby.130519.xyz/PLTV/11/224/3221225720/index.m3u8, From: subscribe, IPv_Type: ipv4, Location: None, ISP: None, Date: None, Delay: -1 ms, Speed: 0.00 M/s, Resolution: None
Name: 江西卫视, URL: http://go.bkpcp.top/mg/jxws, From: subscribe, IPv_Type: ipv4, Location: 美国, ISP: CloudFlare节点, Date: None, Delay: -1 ms, Speed: 0.00 M/s, Resolution: None
Name: 江西卫视, URL: http://j.s.bkpcp.top/jj/jxws, From: subscribe, IPv_Type: ipv4, Location: 美国, ISP: CloudFlare节点, Date: None, Delay: -1 ms, Speed: 0.00 M/s, Resolution: None
Name: 江西卫视, URL: http://t.061899.xyz/tl/tl.php?id=jxws, From: subscribe, IPv_Type: ipv4, Location: 美国, ISP: CloudFlare节点, Date: None, Delay: -1 ms, Speed: 0.00 M/s, Resolution: None
Name: 江西卫视, URL: https://zby.130519.xyz/PLTV/11/224/3221225740/index.m3u8, From: subscribe, IPv_Type: ipv4, Location: None, ISP: None, Date: None, Delay: -1 ms, Speed: 0.00 M/s, Resolution: None
Name: 康巴卫视, URL: https://zby.130519.xyz/PLTV/11/224/3221225773/index.m3u8, From: subscribe, IPv_Type: ipv4, Location: None, ISP: None, Date: None, Delay: -1 ms, Speed: 0.00 M/s, Resolution: None
Name: 辽宁卫视, URL: http://gslbmgsplive.miguvideo.com/wd_r2/2018/ocn/liaoningwshd/1000/index.m3u8?msisdn=20260211200018d3ef004b7fe84d9fb91cfb5a76fb2343&mdspid=&spid=600572&netType=0&sid=5910022198&pid=2028597139&timestamp=20260211200018&Channel_ID=0116_2600000900-99000-201600010010027&ProgramID=630291707&ParentNodeID=-99&assertID=5910022198&client_ip=43.139.160.244&SecurityKey=20260211200018&promotionId=&mvid=5101043014&mcid=500020&playurlVersion=ZQ-A1-9.2.1-RELEASE&userid=&jmhm=&videocodec=h264&appCode=miguvideo_android&bean=mgspad&tid=android&conFee=0&puData=a0a2084b166ebb0e43535d4814e9a639&ddCalcu=9a30e6a1a20900e8441b8146d65e3b5b304e, From: subscribe, IPv_Type: ipv6, Location: 中国, ISP: 中国移动, Date: None, Delay: 0.1 ms, Speed: inf M/s, Resolution: 1920x1080
Name: 辽宁卫视, URL: http://t.061899.xyz/tl/tl.php?id=lnws, From: subscribe, IPv_Type: ipv4, Location: 美国, ISP: CloudFlare节点, Date: None, Delay: -1 ms, Speed: 0.00 M/s, Resolution: None
Name: 辽宁卫视, URL: https://zby.130519.xyz/PLTV/11/224/3221225747/index.m3u8, From: subscribe, IPv_Type: ipv4, Location: None, ISP: None, Date: None, Delay: -1 ms, Speed: 0.00 M/s, Resolution: None
Name: 内蒙古卫视, URL: https://livestream-bt.nmtv.cn/nmtv/3208526general.m3u8?txSecret=eb5a3102dd5406c7ffeddf560b024952&txTime=76B2F9A0&token=c9acc192177f42e09cc9382440ea7012, From: subscribe, IPv_Type: ipv4, Location: 中国-山东, ISP: 移动, Date: None, Delay: -1 ms, Speed: 0.00 M/s, Resolution: None
Name: 内蒙古卫视, URL: https://zby.130519.xyz/PLTV/11/224/3221226011/index.m3u8, From: subscribe, IPv_Type: ipv4, Location: None, ISP: None, Date: None, Delay: -1 ms, Speed: 0.00 M/s, Resolution: None
Name: 宁夏卫视, URL: http://gslbmgsplive.miguvideo.com/envivo_x/2018/SD/ningxia/1000/index.m3u8?msisdn=20260211200020c6a2de7be7d14500b97612d2fba1a75b&mdspid=&spid=600697&netType=0&sid=5910022262&pid=2028597139&timestamp=20260211200020&Channel_ID=0116_2600000900-99000-201600010010027&ProgramID=738910535&ParentNodeID=-99&assertID=5910022262&client_ip=43.139.160.244&SecurityKey=20260211200020&promotionId=&mvid=5900004337&mcid=500020&playurlVersion=ZQ-A1-9.2.1-RELEASE&userid=&jmhm=&videocodec=h264&appCode=miguvideo_android&bean=mgspad&tid=android&conFee=0&puData=b7a8c7d7f6ff1c7ec234b8cb99617764&ddCalcu=4b67e7a17881c0679d97bfc68fbf413c27ce, From: subscribe, IPv_Type: ipv6, Location: 中国, ISP: 中国移动, Date: None, Delay: 0.1 ms, Speed: inf M/s, Resolution: 1920x1080
Name: 宁夏卫视, URL: http://t.061899.xyz/tl/tl.php?id=nxws, From: subscribe, IPv_Type: ipv4, Location: 美国, ISP: CloudFlare节点, Date: None, Delay: -1 ms, Speed: 0.00 M/s, Resolution: None
Name: 宁夏卫视, URL: https://zby.130519.xyz/PLTV/11/224/3221226092/index.m3u8, From: subscribe, IPv_Type: ipv4, Location: None, ISP: None, Date: None, Delay: -1 ms, Speed: 0.00 M/s, Resolution: None
Name: 青海卫视, URL: http://gslbmgsplive.miguvideo.com/envivo_w/2018/SD/qinghai/1000/index.m3u8?msisdn=202602112000199af59404988f4bcd924eeba82e063a07&mdspid=&spid=600633&netType=0&sid=5910022166&pid=2028597139&timestamp=20260211200019&Channel_ID=0116_2600000900-99000-201600010010027&ProgramID=947472506&ParentNodeID=-99&assertID=5910022166&client_ip=43.139.160.244&SecurityKey=20260211200019&promotionId=&mvid=5900004353&mcid=500020&playurlVersion=ZQ-A1-9.2.1-RELEASE&userid=&jmhm=&videocodec=h264&appCode=miguvideo_android&bean=mgspad&tid=android&conFee=0&puData=37a4381ed09ba886fcd37fe50afdb56c&ddCalcu=c367e5a1b47d30f8a10e5de0f97b3ad8c8f6, From: subscribe, IPv_Type: ipv6, Location: 中国, ISP: 中国移动, Date: None, Delay: 0.1 ms, Speed: inf M/s, Resolution: 1920x1080
Name: 青海卫视, URL: http://t.061899.xyz/tl/tl.php?id=qhws, From: subscribe, IPv_Type: ipv4, Location: 美国, ISP: CloudFlare节点, Date: None, Delay: -1 ms, Speed: 0.00 M/s, Resolution: None
Name: 青海卫视, URL: https://zby.130519.xyz/PLTV/11/224/3221226105/index.m3u8, From: subscribe, IPv_Type: ipv4, Location: None, ISP: None, Date: None, Delay: -1 ms, Speed: 0.00 M/s, Resolution: None
Name: 三沙卫视, URL: http://gslbmgsplive.miguvideo.com/migu/kailu/ssws/50/20251127/index.m3u8?msisdn=20260211200020ab8bba4fc4534ddcb9d3931c8cb554be&mdspid=&spid=600697&netType=0&sid=5910022307&pid=2028597139&timestamp=20260211200020&Channel_ID=0116_2600000900-99000-201600010010027&ProgramID=961023778&ParentNodeID=-99&assertID=5910022307&client_ip=43.139.160.244&SecurityKey=20260211200020&promotionId=&mvid=5900006777&mcid=500020&playurlVersion=ZQ-A1-9.2.1-RELEASE&userid=&jmhm=&videocodec=h264&appCode=miguvideo_android&bean=mgspad&tid=android&conFee=0&puData=e10a2f43023ef5884b4a0ed599e7a56a&ddCalcu=ae61e501aa1720ef949350d2e30eaf45b848, From: subscribe, IPv_Type: ipv6, Location: 中国, ISP: 中国移动, Date: None, Delay: 0.1 ms, Speed: inf M/s, Resolution: 1920x1080
Name: 山东卫视, URL: http://go.bkpcp.top/mg/sdws, From: subscribe, IPv_Type: ipv4, Location: 美国, ISP: CloudFlare节点, Date: None, Delay: -1 ms, Speed: 0.00 M/s, Resolution: None
Name: 山东卫视, URL: http://j.s.bkpcp.top/jj/sdws, From: subscribe, IPv_Type: ipv4, Location: 美国, ISP: CloudFlare节点, Date: None, Delay: -1 ms, Speed: 0.00 M/s, Resolution: None
Name: 山东卫视, URL: http://t.061899.xyz/tl/tl.php?id=sdws, From: subscribe, IPv_Type: ipv4, Location: 美国, ISP: CloudFlare节点, Date: None, Delay: -1 ms, Speed: 0.00 M/s, Resolution: None
Name: 山东卫视, URL: https://zby.130519.xyz/PLTV/11/224/3221225733/index.m3u8, From: subscribe, IPv_Type: ipv4, Location: None, ISP: None, Date: None, Delay: -1 ms, Speed: 0.00 M/s, Resolution: None
Name: 山东教育, URL: http://gslbmgsplive.miguvideo.com/migu/kailu/sdjyws/50/20250915/index.m3u8?msisdn=202602112000257bfe9f8fd115444fa985c8565066e49b&mdspid=&spid=600697&netType=0&sid=5910022199&pid=2028597139&timestamp=20260211200025&Channel_ID=0116_2600000900-99000-201600010010027&ProgramID=609154353&ParentNodeID=-99&assertID=5910022199&client_ip=43.139.160.244&SecurityKey=20260211200025&promotionId=&mvid=2200208305&mcid=500020&playurlVersion=ZQ-A1-9.2.1-RELEASE&userid=&jmhm=&videocodec=h264&appCode=miguvideo_android&bean=mgspad&tid=android&conFee=0&puData=85dc9c075b5c0a855d1e3a1c12c9b661&ddCalcu=1865e6d1bc9990cc2017c51ba53ce01ad855, From: subscribe, IPv_Type: ipv6, Location: 中国, ISP: 中国移动, Date: None, Delay: 0.1 ms, Speed: inf M/s, Resolution: 1920x1080
Name: 山西卫视, URL: https://livehhhttps.sxrtv.com/lsdream/q8RVWgs/1000/q2sh84V.m3u8, From: subscribe, IPv_Type: ipv4, Location: 中国-吉林-长春, ISP: 联通, Date: None, Delay: -1 ms, Speed: 0.00 M/s, Resolution: None
Name: 山西卫视, URL: http://t.061899.xyz/tl/tl.php?id=sxiws, From: subscribe, IPv_Type: ipv4, Location: 美国, ISP: CloudFlare节点, Date: None, Delay: -1 ms, Speed: 0.00 M/s, Resolution: None
Name: 山西卫视, URL: https://zby.130519.xyz/PLTV/11/224/3221226113/index.m3u8, From: subscribe, IPv_Type: ipv4, Location: None, ISP: None, Date: None, Delay: -1 ms, Speed: 0.00 M/s, Resolution: None
Name: 陕西卫视, URL: http://stream.snrtv.com/sxbc-star-fwY128.m3u8, From: subscribe, IPv_Type: ipv4, Location: 中国-上海-上海, ISP: 电信, Date: None, Delay: -1 ms, Speed: 0.00 M/s, Resolution: None
Name: 陕西卫视, URL: http://go.bkpcp.top/mg/sxws, From: subscribe, IPv_Type: ipv4, Location: 美国, ISP: CloudFlare节点, Date: None, Delay: -1 ms, Speed: 0.00 M/s, Resolution: None
Name: 陕西卫视, URL: http://j.s.bkpcp.top/jj/sxws, From: subscribe, IPv_Type: ipv4, Location: 美国, ISP: CloudFlare节点, Date: None, Delay: -1 ms, Speed: 0.00 M/s, Resolution: None
Name: 陕西卫视, URL: http://t.061899.xyz/tl/tl.php?id=sxws, From: subscribe, IPv_Type: ipv4, Location: 美国, ISP: CloudFlare节点, Date: None, Delay: -1 ms, Speed: 0.00 M/s, Resolution: None
Name: 陕西卫视, URL: https://zby.130519.xyz/PLTV/11/224/3221226086/index.m3u8, From: subscribe, IPv_Type: ipv4, Location: None, ISP: None, Date: None, Delay: -1 ms, Speed: 0.00 M/s, Resolution: None
Name: 中国农林卫视, URL: http://gslbmgsplive.miguvideo.com/migu/kailu/zgnlws/50/20250804/index.m3u8?msisdn=202602112000193b4f456881a640f5bb98198f81b7df5d&mdspid=&spid=600572&netType=0&sid=5910022186&pid=2028597139&timestamp=20260211200019&Channel_ID=0116_2600000900-99000-201600010010027&ProgramID=956904896&ParentNodeID=-99&assertID=5910022186&client_ip=43.139.160.244&SecurityKey=20260211200019&promotionId=&mvid=5900006709&mcid=500020&playurlVersion=ZQ-A1-9.2.1-RELEASE&userid=&jmhm=&videocodec=h264&appCode=miguvideo_android&bean=mgspad&tid=android&conFee=0&puData=9efb7c9cfc64660f0adf297875824d46&ddCalcu=694eedf14b62708c597c8f7c9624f6d6a00f, From: subscribe, IPv_Type: ipv6, Location: 中国, ISP: 中国移动, Date: None, Delay: 0.1 ms, Speed: inf M/s, Resolution: 1920x1080
Name: 深圳卫视, URL: http://t.061899.xyz/tl/tl.php?id=szws, From: subscribe, IPv_Type: ipv4, Location: 美国, ISP: CloudFlare节点, Date: None, Delay: -1 ms, Speed: 0.00 M/s, Resolution: None
Name: 深圳卫视, URL: https://zby.130519.xyz/PLTV/11/224/3221225728/index.m3u8, From: subscribe, IPv_Type: ipv4, Location: None, ISP: None, Date: None, Delay: -1 ms, Speed: 0.00 M/s, Resolution: None
Name: 四川卫视, URL: http://t.061899.xyz/tl/tl.php?id=scws, From: subscribe, IPv_Type: ipv4, Location: 美国, ISP: CloudFlare节点, Date: None, Delay: -1 ms, Speed: 0.00 M/s, Resolution: None
Name: 四川卫视, URL: https://zby.130519.xyz/PLTV/11/224/3221226152/index.m3u8, From: subscribe, IPv_Type: ipv4, Location: None, ISP: None, Date: None, Delay: -1 ms, Speed: 0.00 M/s, Resolution: None
Name: 天津卫视, URL: http://t.061899.xyz/tl/tl.php?id=tjws, From: subscribe, IPv_Type: ipv4, Location: 美国, ISP: CloudFlare节点, Date: None, Delay: -1 ms, Speed: 0.00 M/s, Resolution: None
Name: 天津卫视, URL: https://zby.130519.xyz/PLTV/11/224/3221225742/index.m3u8, From: subscribe, IPv_Type: ipv4, Location: None, ISP: None, Date: None, Delay: -1 ms, Speed: 0.00 M/s, Resolution: None
Name: 西藏卫视, URL: https://tv.vtibet.cn/live/h701F9MpxzPDyE.m3u8?secret=fb4affa1c6135909274b31badcf2628e&time=698c764b, From: subscribe, IPv_Type: ipv6, Location: 中国, ISP: 中国电信, Date: None, Delay: 0.1 ms, Speed: inf M/s, Resolution: 1920x1080
Name: 西藏卫视, URL: http://t.061899.xyz/tl/tl.php?id=xzws, From: subscribe, IPv_Type: ipv4, Location: 美国, ISP: CloudFlare节点, Date: None, Delay: -1 ms, Speed: 0.00 M/s, Resolution: None
Name: 西藏卫视, URL: https://zby.130519.xyz/PLTV/11/224/3221225767/index.m3u8, From: subscribe, IPv_Type: ipv4, Location: None, ISP: None, Date: None, Delay: -1 ms, Speed: 0.00 M/s, Resolution: None
Name: 西藏卫视, URL: https://zby.130519.xyz/PLTV/11/224/3221226012/index.m3u8, From: subscribe, IPv_Type: ipv4, Location: None, ISP: None, Date: None, Delay: -1 ms, Speed: 0.00 M/s, Resolution: None
Name: 厦门卫视, URL: https://zby.130519.xyz/PLTV/11/224/3221226008/index.m3u8, From: subscribe, IPv_Type: ipv4, Location: None, ISP: None, Date: None, Delay: -1 ms, Speed: 0.00 M/s, Resolution: None
Name: 新疆卫视, URL: http://t.061899.xyz/tl/tl.php?id=xjws, From: subscribe, IPv_Type: ipv4, Location: 美国, ISP: CloudFlare节点, Date: None, Delay: -1 ms, Speed: 0.00 M/s, Resolution: None
Name: 新疆卫视, URL: https://zby.130519.xyz/PLTV/11/224/3221226088/index.m3u8, From: subscribe, IPv_Type: ipv4, Location: None, ISP: None, Date: None, Delay: -1 ms, Speed: 0.00 M/s, Resolution: None
Name: 云南卫视, URL: https://hwapi.yntv.net/62hdvf/nqyn7w.m3u8, From: subscribe, IPv_Type: ipv4, Location: 中国-浙江-嘉兴, ISP: 电信, Date: None, Delay: -1 ms, Speed: 0.00 M/s, Resolution: None
Name: 云南卫视, URL: https://zby.130519.xyz/PLTV/11/224/3221226109/index.m3u8, From: subscribe, IPv_Type: ipv4, Location: None, ISP: None, Date: None, Delay: -1 ms, Speed: 0.00 M/s, Resolution: None
Name: 云南卫视, URL: https://zby.130519.xyz/PLTV/11/224/3221226151/index.m3u8, From: subscribe, IPv_Type: ipv4, Location: None, ISP: None, Date: None, Delay: -1 ms, Speed: 0.00 M/s, Resolution: None
Name: 浙江卫视, URL: https://zwebl02.cztv.com/live/channel011080P.m3u8?auth_key=1770813151-mgapz6p59natsekafc5wdlzve341b4f8-0-c33c3725cc6ddbad6d53974c617d5818, From: subscribe, IPv_Type: ipv4, Location: 美国-加利福尼亚州-洛杉矶, ISP: Level3, Date: None, Delay: -1 ms, Speed: 0.00 M/s, Resolution: None
Name: 浙江卫视, URL: http://go.bkpcp.top/mg/zjws, From: subscribe, IPv_Type: ipv4, Location: 美国, ISP: CloudFlare节点, Date: None, Delay: -1 ms, Speed: 0.00 M/s, Resolution: None
Name: 浙江卫视, URL: http://j.s.bkpcp.top/jj/zjws, From: subscribe, IPv_Type: ipv4, Location: 美国, ISP: CloudFlare节点, Date: None, Delay: -1 ms, Speed: 0.00 M/s, Resolution: None
Name: 浙江卫视, URL: http://t.061899.xyz/tl/tl.php?id=zjws, From: subscribe, IPv_Type: ipv4, Location: 美国, ISP: CloudFlare节点, Date: None, Delay: -1 ms, Speed: 0.00 M/s, Resolution: None
Name: 浙江卫视, URL: https://zby.130519.xyz/PLTV/11/224/3221225727/index.m3u8, From: subscribe, IPv_Type: ipv4, Location: None, ISP: None, Date: None, Delay: -1 ms, Speed: 0.00 M/s, Resolution: None
